::1 - - [09/Feb/2026 19:37:35] "GET / HTTP/1.1" 200 -
::1 - - [09/Feb/2026 19:37:35] "GET /css/styles.css HTTP/1.1" 200 -
::1 - - [09/Feb/2026 19:37:36] "GET /js/shopify.js?v=5 HTTP/1.1" 200 -
::1 - - [09/Feb/2026 19:37:36] "GET /assets/images/placeholder.svg HTTP/1.1" 200 -
::1 - - [09/Feb/2026 19:37:36] "GET /js/cart.js?v=5 HTTP/1.1" 200 -
::1 - - [09/Feb/2026 19:37:36] "GET /js/main.js?v=5 HTTP/1.1" 200 -
::1 - - [09/Feb/2026 19:37:36] "GET /js/shopify-auth.js?v=5 HTTP/1.1" 200 -
::1 - - [09/Feb/2026 19:37:36] code 404, message File not found
::1 - - [09/Feb/2026 19:37:36] "GET /favicon.ico HTTP/1.1" 404 -
::1 - - [09/Feb/2026 19:37:51] "GET /support.html HTTP/1.1" 200 -
::1 - - [09/Feb/2026 19:37:51] "GET /js/cart.js HTTP/1.1" 200 -
::1 - - [09/Feb/2026 19:37:51] "GET /css/support.css HTTP/1.1" 200 -
::1 - - [09/Feb/2026 19:37:51] "GET /js/support.js HTTP/1.1" 200 -
::1 - - [09/Feb/2026 19:38:00] "GET /index.html HTTP/1.1" 200 -
::1 - - [09/Feb/2026 19:38:03] "GET /brand.html?brand=tom-ford HTTP/1.1" 200 -
::1 - - [09/Feb/2026 19:38:03] "GET /css/brand.css HTTP/1.1" 200 -
::1 - - [09/Feb/2026 19:38:03] "GET /js/shopify.js?v=4 HTTP/1.1" 200 -
::1 - - [09/Feb/2026 19:38:03] "GET /js/cart.js?v=4 HTTP/1.1" 200 -
::1 - - [09/Feb/2026 19:38:03] "GET /js/brand.js?v=4 HTTP/1.1" 200 -
::1 - - [09/Feb/2026 20:35:57] "GET /index.html HTTP/1.1" 304 -
::1 - - [09/Feb/2026 20:35:57] "GET /js/shopify-auth.js?v=5 HTTP/1.1" 304 -
::1 - - [09/Feb/2026 20:36:07] "GET /index.html HTTP/1.1" 304 -
::1 - - [09/Feb/2026 20:36:09] "GET /index.html HTTP/1.1" 304 -
::1 - - [09/Feb/2026 20:36:09] "GET /index.html HTTP/1.1" 304 -
::1 - - [09/Feb/2026 20:36:09] "GET /index.html HTTP/1.1" 304 -
::1 - - [09/Feb/2026 20:36:09] "GET /index.html HTTP/1.1" 304 -
::1 - - [09/Feb/2026 20:36:38] "GET / HTTP/1.1" 304 -
::1 - - [09/Feb/2026 20:39:37] "GET / HTTP/1.1" 200 -
::1 - - [09/Feb/2026 20:39:39] "GET /impressum.html HTTP/1.1" 200 -
::1 - - [09/Feb/2026 20:39:49] "GET /datenschutz.html HTTP/1.1" 200 -
::1 - - [09/Feb/2026 20:40:18] "GET /widerruf.html HTTP/1.1" 200 -
::1 - - [09/Feb/2026 20:41:34] "GET /impressum.html HTTP/1.1" 304 -
::1 - - [09/Feb/2026 20:41:44] "GET /widerruf.html HTTP/1.1" 304 -
::1 - - [09/Feb/2026 20:45:29] "GET /index.html HTTP/1.1" 200 -
::1 - - [09/Feb/2026 20:45:29] "GET /js/shopify-auth.js?v=5 HTTP/1.1" 304 -
::1 - - [09/Feb/2026 20:45:36] "GET /widerruf.html HTTP/1.1" 200 -
::1 - - [09/Feb/2026 20:45:46] "GET /agb.html HTTP/1.1" 200 -
::1 - - [09/Feb/2026 20:45:52] "GET /datenschutz.html HTTP/1.1" 200 -
::1 - - [09/Feb/2026 20:45:57] "GET /impressum.html HTTP/1.1" 200 -
::1 - - [09/Feb/2026 20:58:46] "GET /index.html HTTP/1.1" 200 -
::1 - - [09/Feb/2026 20:58:46] "GET /assets/images/logo.png HTTP/1.1" 200 -
::1 - - [09/Feb/2026 20:58:46] "GET /js/shopify-auth.js?v=5 HTTP/1.1" 304 -
::1 - - [09/Feb/2026 21:02:55] "GET /index.html HTTP/1.1" 304 -
::1 - - [09/Feb/2026 21:03:07] "GET /impressum.html HTTP/1.1" 200 -
::1 - - [09/Feb/2026 21:04:22] "GET /impressum.html HTTP/1.1" 304 -
::1 - - [09/Feb/2026 21:04:22] "GET /assets/images/logo.png HTTP/1.1" 304 -
::1 - - [09/Feb/2026 21:04:22] "GET /impressum.html HTTP/1.1" 304 -
::1 - - [09/Feb/2026 21:04:22] "GET /impressum.html HTTP/1.1" 304 -
::1 - - [09/Feb/2026 21:04:23] "GET /impressum.html HTTP/1.1" 304 -
::1 - - [09/Feb/2026 21:04:23] "GET /impressum.html HTTP/1.1" 304 -
::1 - - [09/Feb/2026 21:04:23] "GET /impressum.html HTTP/1.1" 304 -
::1 - - [09/Feb/2026 21:04:23] "GET /impressum.html HTTP/1.1" 304 -
::1 - - [09/Feb/2026 21:04:23] "GET /impressum.html HTTP/1.1" 304 -
::1 - - [09/Feb/2026 21:04:23] "GET /impressum.html HTTP/1.1" 304 -
::1 - - [09/Feb/2026 21:04:24] "GET /impressum.html HTTP/1.1" 304 -
::1 - - [09/Feb/2026 21:04:24] "GET /impressum.html HTTP/1.1" 200 -
::1 - - [09/Feb/2026 21:04:24] "GET /impressum.html HTTP/1.1" 200 -
::1 - - [09/Feb/2026 21:04:24] "GET /impressum.html HTTP/1.1" 200 -
::1 - - [09/Feb/2026 21:04:24] "GET /impressum.html HTTP/1.1" 200 -
----------------------------------------
Exception occurred during processing of request from ('::1', 53018, 0, 0)
::1 - - [09/Feb/2026 21:04:24] "GET /impressum.html HTTP/1.1" 200 -
----------------------------------------
Exception occurred during processing of request from ('::1', 52450, 0, 0)
Traceback (most recent call last):
Traceback (most recent call last):
  File "C:\Users\x1\AppData\Local\Programs\Python\Python311-32\Lib\socketserver.py", line 691, in process_request_thread
    self.finish_request(request, client_address)
  File "C:\Users\x1\AppData\Local\Programs\Python\Python311-32\Lib\http\server.py", line 1310, in finish_request
    self.RequestHandlerClass(request, client_address, self,
  File "C:\Users\x1\AppData\Local\Programs\Python\Python311-32\Lib\http\server.py", line 671, in __init__
    super().__init__(*args, **kwargs)
  File "C:\Users\x1\AppData\Local\Programs\Python\Python311-32\Lib\socketserver.py", line 755, in __init__
    self.handle()
  File "C:\Users\x1\AppData\Local\Programs\Python\Python311-32\Lib\http\server.py", line 436, in handle
    self.handle_one_request()
  File "C:\Users\x1\AppData\Local\Programs\Python\Python311-32\Lib\socketserver.py", line 691, in process_request_thread
    self.finish_request(request, client_address)
  File "C:\Users\x1\AppData\Local\Programs\Python\Python311-32\Lib\http\server.py", line 424, in handle_one_request
    method()
  File "C:\Users\x1\AppData\Local\Programs\Python\Python311-32\Lib\http\server.py", line 1310, in finish_request
    self.RequestHandlerClass(request, client_address, self,
  File "C:\Users\x1\AppData\Local\Programs\Python\Python311-32\Lib\http\server.py", line 671, in __init__
    super().__init__(*args, **kwargs)
  File "C:\Users\x1\AppData\Local\Programs\Python\Python311-32\Lib\socketserver.py", line 755, in __init__
    self.handle()
  File "C:\Users\x1\AppData\Local\Programs\Python\Python311-32\Lib\http\server.py", line 678, in do_GET
    self.copyfile(f, self.wfile)
  File "C:\Users\x1\AppData\Local\Programs\Python\Python311-32\Lib\http\server.py", line 436, in handle
    self.handle_one_request()
  File "C:\Users\x1\AppData\Local\Programs\Python\Python311-32\Lib\http\server.py", line 877, in copyfile
    shutil.copyfileobj(source, outputfile)
  File "C:\Users\x1\AppData\Local\Programs\Python\Python311-32\Lib\shutil.py", line 200, in copyfileobj
    fdst_write(buf)
  File "C:\Users\x1\AppData\Local\Programs\Python\Python311-32\Lib\socketserver.py", line 834, in write
    self._sock.sendall(b)
  File "C:\Users\x1\AppData\Local\Programs\Python\Python311-32\Lib\http\server.py", line 424, in handle_one_request
    method()
  File "C:\Users\x1\AppData\Local\Programs\Python\Python311-32\Lib\http\server.py", line 678, in do_GET
    self.copyfile(f, self.wfile)
  File "C:\Users\x1\AppData\Local\Programs\Python\Python311-32\Lib\http\server.py", line 877, in copyfile
    shutil.copyfileobj(source, outputfile)
ConnectionAbortedError: [WinError 10053] Eine bestehende Verbindung wurde softwaregesteuert
durch den Hostcomputer abgebrochen
  File "C:\Users\x1\AppData\Local\Programs\Python\Python311-32\Lib\shutil.py", line 200, in copyfileobj
    fdst_write(buf)
  File "C:\Users\x1\AppData\Local\Programs\Python\Python311-32\Lib\socketserver.py", line 834, in write
    self._sock.sendall(b)
----------------------------------------
ConnectionAbortedError: [WinError 10053] Eine bestehende Verbindung wurde softwaregesteuert
durch den Hostcomputer abgebrochen
----------------------------------------
::1 - - [09/Feb/2026 21:04:24] "GET /impressum.html HTTP/1.1" 200 -
::1 - - [09/Feb/2026 21:04:24] "GET /impressum.html HTTP/1.1" 304 -
::1 - - [09/Feb/2026 21:04:25] "GET /impressum.html HTTP/1.1" 304 -
::1 - - [09/Feb/2026 21:04:25] "GET /impressum.html HTTP/1.1" 304 -
::1 - - [09/Feb/2026 21:04:25] "GET /impressum.html HTTP/1.1" 304 -
::1 - - [09/Feb/2026 21:04:25] "GET /impressum.html HTTP/1.1" 304 -
::1 - - [09/Feb/2026 21:04:25] "GET /impressum.html HTTP/1.1" 304 -
::1 - - [09/Feb/2026 21:04:25] "GET /impressum.html HTTP/1.1" 304 -
::1 - - [09/Feb/2026 21:04:29] "GET /index.html HTTP/1.1" 304 -
::1 - - [09/Feb/2026 21:04:43] "GET /index.html HTTP/1.1" 200 -
::1 - - [09/Feb/2026 21:04:43] "GET /css/styles.css HTTP/1.1" 200 -
::1 - - [09/Feb/2026 21:04:43] "GET /assets/images/logo.png HTTP/1.1" 200 -
::1 - - [09/Feb/2026 21:04:43] "GET /assets/images/placeholder.svg HTTP/1.1" 200 -
::1 - - [09/Feb/2026 21:04:43] "GET /js/cart.js?v=5 HTTP/1.1" 200 -
::1 - - [09/Feb/2026 21:04:43] "GET /js/shopify-auth.js?v=5 HTTP/1.1" 200 -
::1 - - [09/Feb/2026 21:04:43] "GET /js/shopify.js?v=5 HTTP/1.1" 200 -
::1 - - [09/Feb/2026 21:04:43] "GET /js/main.js?v=5 HTTP/1.1" 200 -
::1 - - [09/Feb/2026 21:04:43] code 404, message File not found
::1 - - [09/Feb/2026 21:04:43] "GET /favicon.ico HTTP/1.1" 404 -
::1 - - [09/Feb/2026 21:07:07] "GET /index.html HTTP/1.1" 200 -
::1 - - [09/Feb/2026 21:07:07] "GET /css/styles.css HTTP/1.1" 200 -
::1 - - [09/Feb/2026 21:07:07] "GET /assets/images/logo.png HTTP/1.1" 200 -
::1 - - [09/Feb/2026 21:07:07] "GET /assets/images/placeholder.svg HTTP/1.1" 200 -
::1 - - [09/Feb/2026 21:07:07] "GET /js/shopify.js?v=5 HTTP/1.1" 200 -
::1 - - [09/Feb/2026 21:07:07] "GET /js/main.js?v=5 HTTP/1.1" 200 -
::1 - - [09/Feb/2026 21:07:07] "GET /js/cart.js?v=5 HTTP/1.1" 200 -
::1 - - [09/Feb/2026 21:07:07] "GET /js/shopify-auth.js?v=5 HTTP/1.1" 200 -
::1 - - [09/Feb/2026 21:07:07] code 404, message File not found
::1 - - [09/Feb/2026 21:07:07] "GET /favicon.ico HTTP/1.1" 404 -
::1 - - [09/Feb/2026 21:07:08] "GET /index.html HTTP/1.1" 200 -
::1 - - [09/Feb/2026 21:07:08] "GET /css/styles.css HTTP/1.1" 200 -
::1 - - [09/Feb/2026 21:07:08] "GET /assets/images/placeholder.svg HTTP/1.1" 200 -
::1 - - [09/Feb/2026 21:07:08] "GET /js/cart.js?v=5 HTTP/1.1" 200 -
::1 - - [09/Feb/2026 21:07:08] "GET /js/main.js?v=5 HTTP/1.1" 200 -
::1 - - [09/Feb/2026 21:07:08] "GET /js/shopify.js?v=5 HTTP/1.1" 200 -
::1 - - [09/Feb/2026 21:07:08] "GET /js/shopify-auth.js?v=5 HTTP/1.1" 200 -
::1 - - [09/Feb/2026 21:07:08] "GET /assets/images/logo.png HTTP/1.1" 200 -
::1 - - [09/Feb/2026 21:07:08] code 404, message File not found
::1 - - [09/Feb/2026 21:07:08] "GET /favicon.ico HTTP/1.1" 404 -
::1 - - [09/Feb/2026 21:07:08] "GET /index.html HTTP/1.1" 200 -
::1 - - [09/Feb/2026 21:07:09] "GET /css/styles.css HTTP/1.1" 200 -
::1 - - [09/Feb/2026 21:07:09] "GET /assets/images/logo.png HTTP/1.1" 200 -
::1 - - [09/Feb/2026 21:07:09] "GET /assets/images/placeholder.svg HTTP/1.1" 200 -
::1 - - [09/Feb/2026 21:07:09] "GET /js/shopify.js?v=5 HTTP/1.1" 200 -
::1 - - [09/Feb/2026 21:07:09] "GET /js/shopify-auth.js?v=5 HTTP/1.1" 200 -
::1 - - [09/Feb/2026 21:07:09] "GET /js/main.js?v=5 HTTP/1.1" 200 -
::1 - - [09/Feb/2026 21:07:09] "GET /js/cart.js?v=5 HTTP/1.1" 200 -
::1 - - [09/Feb/2026 21:07:09] "GET /index.html HTTP/1.1" 200 -
::1 - - [09/Feb/2026 21:07:09] "GET /css/styles.css HTTP/1.1" 200 -
::1 - - [09/Feb/2026 21:07:09] "GET /assets/images/logo.png HTTP/1.1" 200 -
::1 - - [09/Feb/2026 21:07:09] "GET /assets/images/placeholder.svg HTTP/1.1" 200 -
::1 - - [09/Feb/2026 21:07:09] "GET /js/shopify.js?v=5 HTTP/1.1" 200 -
::1 - - [09/Feb/2026 21:07:09] "GET /js/main.js?v=5 HTTP/1.1" 200 -
::1 - - [09/Feb/2026 21:07:09] "GET /js/shopify-auth.js?v=5 HTTP/1.1" 200 -
::1 - - [09/Feb/2026 21:07:09] "GET /js/cart.js?v=5 HTTP/1.1" 200 -
::1 - - [09/Feb/2026 21:07:09] "GET /index.html HTTP/1.1" 200 -
::1 - - [09/Feb/2026 21:07:09] "GET /css/styles.css HTTP/1.1" 200 -
::1 - - [09/Feb/2026 21:07:09] "GET /assets/images/placeholder.svg HTTP/1.1" 200 -
::1 - - [09/Feb/2026 21:07:09] "GET /js/cart.js?v=5 HTTP/1.1" 200 -
::1 - - [09/Feb/2026 21:07:09] "GET /js/shopify.js?v=5 HTTP/1.1" 200 -
::1 - - [09/Feb/2026 21:07:09] "GET /js/shopify-auth.js?v=5 HTTP/1.1" 200 -
::1 - - [09/Feb/2026 21:07:09] "GET /js/main.js?v=5 HTTP/1.1" 200 -
::1 - - [09/Feb/2026 21:07:09] "GET /assets/images/logo.png HTTP/1.1" 200 -
::1 - - [09/Feb/2026 21:07:09] code 404, message File not found
::1 - - [09/Feb/2026 21:07:09] "GET /favicon.ico HTTP/1.1" 404 -
::1 - - [09/Feb/2026 21:09:17] "GET /index.html HTTP/1.1" 304 -
::1 - - [09/Feb/2026 21:09:17] "GET /css/styles.css HTTP/1.1" 200 -
::1 - - [09/Feb/2026 21:10:17] "GET /index.html HTTP/1.1" 304 -
::1 - - [09/Feb/2026 21:10:17] "GET /css/styles.css HTTP/1.1" 200 -
::1 - - [09/Feb/2026 21:10:36] "GET /index.html HTTP/1.1" 304 -
::1 - - [09/Feb/2026 21:10:36] "GET /css/styles.css HTTP/1.1" 200 -
::1 - - [09/Feb/2026 21:10:37] "GET /index.html HTTP/1.1" 304 -
::1 - - [09/Feb/2026 21:10:37] "GET /css/styles.css HTTP/1.1" 304 -
::1 - - [09/Feb/2026 21:11:05] "GET /index.html HTTP/1.1" 304 -
::1 - - [09/Feb/2026 21:11:05] "GET /css/styles.css HTTP/1.1" 200 -
::1 - - [09/Feb/2026 21:11:17] "GET /css/styles.css HTTP/1.1" 304 -
::1 - - [09/Feb/2026 21:12:39] "GET /index.html HTTP/1.1" 304 -
::1 - - [09/Feb/2026 21:12:39] "GET /css/styles.css HTTP/1.1" 200 -
::1 - - [09/Feb/2026 21:12:39] "GET /assets/images/logo.png HTTP/1.1" 304 -
::1 - - [09/Feb/2026 21:31:39] "GET /index.html HTTP/1.1" 200 -
::1 - - [09/Feb/2026 21:31:40] "GET /css/styles.css HTTP/1.1" 200 -
::1 - - [09/Feb/2026 21:31:40] "GET /assets/images/logo.png HTTP/1.1" 304 -
::1 - - [09/Feb/2026 21:31:40] "GET /js/shopify-auth.js?v=5 HTTP/1.1" 304 -
::1 - - [09/Feb/2026 21:33:51] "GET /index.html HTTP/1.1" 304 -
::1 - - [09/Feb/2026 21:33:51] "GET /css/styles.css HTTP/1.1" 200 -
::1 - - [09/Feb/2026 21:34:17] "GET /cart.html HTTP/1.1" 200 -
::1 - - [09/Feb/2026 21:34:17] "GET /css/styles.css HTTP/1.1" 304 -
::1 - - [09/Feb/2026 21:34:17] "GET /css/cart.css HTTP/1.1" 200 -
::1 - - [09/Feb/2026 21:34:17] "GET /js/cart-page.js?v=5 HTTP/1.1" 200 -
::1 - - [09/Feb/2026 21:34:36] "GET /css/styles.css HTTP/1.1" 304 -
::1 - - [09/Feb/2026 22:03:46] "GET /index.html HTTP/1.1" 200 -
::1 - - [09/Feb/2026 22:03:47] "GET /assets/images/logo.png HTTP/1.1" 304 -
::1 - - [09/Feb/2026 22:03:47] "GET /css/styles.css HTTP/1.1" 200 -
::1 - - [09/Feb/2026 22:03:47] "GET /js/shopify-auth.js?v=5 HTTP/1.1" 304 -
::1 - - [09/Feb/2026 22:03:55] "GET /index.html HTTP/1.1" 200 -
::1 - - [09/Feb/2026 22:03:55] "GET /css/styles.css HTTP/1.1" 200 -
::1 - - [09/Feb/2026 22:03:55] "GET /js/shopify-auth.js?v=5 HTTP/1.1" 200 -
::1 - - [09/Feb/2026 22:03:55] "GET /assets/images/placeholder.svg HTTP/1.1" 200 -
::1 - - [09/Feb/2026 22:03:55] "GET /js/main.js?v=5 HTTP/1.1" 200 -
::1 - - [09/Feb/2026 22:03:55] "GET /js/cart.js?v=5 HTTP/1.1" 200 -
::1 - - [09/Feb/2026 22:03:55] "GET /js/shopify.js?v=5 HTTP/1.1" 200 -
::1 - - [09/Feb/2026 22:03:56] code 404, message File not found
::1 - - [09/Feb/2026 22:03:56] "GET /favicon.ico HTTP/1.1" 404 -
::1 - - [09/Feb/2026 22:04:01] "GET /css/styles.css HTTP/1.1" 304 -
::1 - - [09/Feb/2026 22:04:02] "GET /js/main.js?v=5 HTTP/1.1" 304 -
::1 - - [09/Feb/2026 22:04:02] "GET /assets/images/logo.png HTTP/1.1" 200 -
::1 - - [09/Feb/2026 22:05:38] "GET /index.html HTTP/1.1" 200 -
::1 - - [09/Feb/2026 22:05:38] "GET /css/styles.css HTTP/1.1" 200 -
::1 - - [09/Feb/2026 22:05:38] "GET /js/shopify.js?v=5 HTTP/1.1" 200 -
::1 - - [09/Feb/2026 22:05:38] "GET /js/cart.js?v=5 HTTP/1.1" 200 -
::1 - - [09/Feb/2026 22:05:38] "GET /assets/images/logo.png HTTP/1.1" 200 -
::1 - - [09/Feb/2026 22:05:38] "GET /js/main.js?v=5 HTTP/1.1" 200 -
::1 - - [09/Feb/2026 22:05:38] "GET /assets/images/placeholder.svg HTTP/1.1" 200 -
::1 - - [09/Feb/2026 22:05:38] "GET /js/shopify-auth.js?v=5 HTTP/1.1" 200 -
::1 - - [09/Feb/2026 22:05:39] code 404, message File not found
::1 - - [09/Feb/2026 22:05:39] "GET /favicon.ico HTTP/1.1" 404 -
::1 - - [09/Feb/2026 22:05:53] "GET /index.html HTTP/1.1" 304 -
::1 - - [09/Feb/2026 22:05:53] "GET /css/styles.css HTTP/1.1" 304 -
::1 - - [09/Feb/2026 22:05:54] "GET /js/main.js?v=5 HTTP/1.1" 304 -
